â–¿ User
  - bio: "Blobbed around the world."
  - id: 2
  - name: "Blobby"
