<_UIAlertControllerView; frame = (0 0; 320 568); layer = <CALayer>>
   | <UIView; frame = (25 0; 270 568); layer = <CALayer>>
   |    | <_UIAlertControllerInterfaceActionGroupView; frame = (0 0; 270 568); opaque = NO; gestureRecognizers = <NSArray>; layer = <CALayer>>
   |    |    | <_UIDimmingKnockoutBackdropView; frame = (0 0; 270 568); clipsToBounds = YES; layer = <CALayer>>
   |    |    |    | <UIView; frame = (0 0; 270 568); clipsToBounds = YES; layer = <CALayer>>
   |    |    |    | <UIVisualEffectView; frame = (0 0; 270 568); clipsToBounds = YES; layer = <CALayer>>
   |    |    |    |    | <_UIVisualEffectBackdropView; frame = (0 0; 270 568); autoresize = W+H; userInteractionEnabled = NO; layer = <UICABackdropLayer>>
   |    |    |    |    | <_UIVisualEffectSubview; frame = (0 0; 270 568); autoresize = W+H; userInteractionEnabled = NO; layer = <CALayer>>
   |    |    | <UIView; frame = (0 0; 270 568); clipsToBounds = YES; layer = <CALayer>>
   |    |    |    | <_UIInterfaceActionGroupHeaderScrollView; frame = (0 0; 270 523.5); clipsToBounds = YES; gestureRecognizers = <NSArray>; layer = <CALayer>; contentOffset: {0, 0}; contentSize: {270, 97}; adjustedContentInset: {0, 0, 0, 0}>
   |    |    |    |    | <UIView; frame = (0 0; 270 97); layer = <CALayer>>
   |    |    |    |    |    | <UIView; frame = (0 0; 270 0); clipsToBounds = YES; layer = <CALayer>>
   |    |    |    |    |    | <UILabel; frame = (16 20; 238 20.5); text = 'Add Task'; userInteractionEnabled = NO; layer = <_UILabelLayer>>
   |    |    |    |    |    | <UIView; frame = (135 0; 0 0); clipsToBounds = YES; layer = <CALayer>>
   |    |    |    |    |    | <UIView; frame = (0 60; 270 37); clipsToBounds = YES; layer = <CALayer>>
   |    |    |    |    |    |    | <UICollectionViewControllerWrapperView; frame = (0 0; 270 37); autoresize = W+H; layer = <CALayer>>
   |    |    |    |    |    |    |    | <UICollectionView; frame = (0 0; 270 37); clipsToBounds = YES; autoresize = W+H; gestureRecognizers = <NSArray>; layer = <CALayer>; contentOffset: {0, 0}; contentSize: {270, 25}; adjustedContentInset: {0, 0, 0, 0}> collection view layout: <UICollectionViewFlowLayout>
   |    |    |    |    |    |    |    |    | <_UIAlertControllerTextFieldViewCollectionCell; frame = (0 0; 270 25); gestureRecognizers = <NSArray>; layer = <CALayer>>
   |    |    |    |    |    |    |    |    |    | <UIView; frame = (0 0; 270 25); autoresize = W+H; gestureRecognizers = <NSArray>; layer = <CALayer>>
   |    |    |    |    |    |    |    |    |    |    | <_UIAlertControllerTextFieldView; frame = (16 0; 238 25); layer = <CALayer>>
   |    |    |    |    |    |    |    |    |    |    |    | <UIView; frame = (0 0; 238 25); layer = <CALayer>>
   |    |    |    |    |    |    |    |    |    |    |    |    | <UIVisualEffectView; frame = (0 0; 238 25); layer = <CALayer>>
   |    |    |    |    |    |    |    |    |    |    |    |    |    | <_UIVisualEffectContentView; frame = (0 0; 238 25); clipsToBounds = YES; autoresize = W+H; tintColor = UIExtendedGrayColorSpace 1 1; layer = <CALayer>>
   |    |    |    |    |    |    |    |    |    |    |    |    |    |    | <UIView; frame = (0 0; 238 25); layer = <CALayer>>
   |    |    |    |    |    |    |    |    |    |    |    |    | <UIView; frame = (0.5 0.5; 237 24); layer = <CALayer>>
   |    |    |    |    |    |    |    |    |    |    |    |    |    | <_UIAlertControllerTextField; frame = (4 4; 229 16); text = ''; opaque = NO; gestureRecognizers = <NSArray>; layer = <CALayer>>
   |    |    |    |    |    |    |    |    |    |    |    |    |    |    | <UITextFieldLabel; frame = (0 0; 229 16); text = 'Enter task name...'; opaque = NO; userInteractionEnabled = NO; layer = <_UILabelLayer>>
   |    |    |    |    |    |    |    |    |    |    |    |    |    |    | <UIFieldEditor; frame = (0 0; 229 16); text = ''; clipsToBounds = YES; opaque = NO; gestureRecognizers = <NSArray>; layer = <CALayer>; contentOffset: {0, 0}; contentSize: {229, 16}; adjustedContentInset: {0, 0, 0, 0}>
   |    |    |    |    |    |    |    |    |    |    |    |    |    |    |    | <_UITextFieldContentView; frame = (0 0; 229 16); opaque = NO; userInteractionEnabled = NO; layer = <__UITextTiledLayer>>
   |    |    |    |    |    |    |    |    |    |    |    |    |    |    |    |    | <__UITileLayer> (layer)
   |    |    |    |    |    |    |    |    |    |    |    |    |    |    |    |    | <UITextSelectionView; frame = (0 0; 0 0); alpha = 0; userInteractionEnabled = NO; layer = <CALayer>>
   |    |    |    |    |    |    |    |    | <UIImageView; frame = (264.5 27; 2.5 7); alpha = 0; opaque = NO; autoresize = LM; userInteractionEnabled = NO; layer = <CALayer>>
   |    |    |    |    |    |    |    |    | <UIImageView; frame = (260 31.5; 7 2.5); alpha = 0; opaque = NO; autoresize = TM; userInteractionEnabled = NO; layer = <CALayer>>
   |    |    |    |    | <UIImageView; frame = (264.5 513.5; 2.5 7); alpha = 0; opaque = NO; autoresize = LM; userInteractionEnabled = NO; layer = <CALayer>>
   |    |    |    |    | <UIImageView; frame = (260 518; 7 2.5); alpha = 0; opaque = NO; autoresize = TM; userInteractionEnabled = NO; layer = <CALayer>>
   |    |    |    | <_UIInterfaceActionItemSeparatorView_iOS; frame = (0 523.5; 270 0.5); layer = <CALayer>>
   |    |    |    |    | <UIView; frame = (0 0; 270 0.5); layer = <CALayer>>
   |    |    |    |    | <UIView; frame = (0 0; 270 0.5); layer = <CALayer>>
   |    |    |    | <_UIInterfaceActionRepresentationsSequenceView; frame = (0 524; 270 44); clipsToBounds = YES; gestureRecognizers = <NSArray>; layer = <CALayer>; contentOffset: {0, 0}; contentSize: {270, 44}; adjustedContentInset: {0, 0, 0, 0}>
   |    |    |    |    | <_UIInterfaceActionSeparatableSequenceView; frame = (0 0; 270 44); layer = <CALayer>>
   |    |    |    |    |    | <UIStackView; frame = (0 0; 270 44); layer = <CATransformLayer>>
   |    |    |    |    |    |    | <_UIInterfaceActionCustomViewRepresentationView; frame = (135.5 0; 134.5 44); layer = <CALayer>> action = <_UIAlertControllerActionViewInterfaceAction>  title = Add,  customContentView = <_UIAlertControllerActionView; frame = (0 0; 134.5 44); Action = <UIAlertAction Title = "Add" Descriptive = "(null)" Image =>> action = <_UIAlertControllerActionViewInterfaceAction>  title = Add,  customContentView = <_UIAlertControllerActionView; frame = (0 0; 134.5 44); Action = <UIAlertAction Title = "Add" Descriptive = "(null)" Image =>>
   |    |    |    |    |    |    |    | <_UIAlertControllerActionView; frame = (0 0; 134.5 44); Action = <UIAlertAction Title = "Add" Descriptive = "(null)" Image =>>
   |    |    |    |    |    |    |    |    | <UIView; frame = (51.5 0; 31 44); userInteractionEnabled = NO; layer = <CALayer>>
   |    |    |    |    |    |    |    |    |    | <UILabel; frame = (0 12; 31 20.5); text = 'Add'; userInteractionEnabled = NO; tintColor = UIExtendedSRGBColorSpace 0 0.478431 1 1; layer = <_UILabelLayer>>
   |    |    |    |    |    |    | <_UIInterfaceActionCustomViewRepresentationView; frame = (0 0; 135 44); layer = <CALayer>> action = <_UIAlertControllerActionViewInterfaceAction>  title = Cancel,  customContentView = <_UIAlertControllerActionView; frame = (0 0; 135 44); Action = <UIAlertAction Title = "Cancel" Descriptive = "(null)" Image =>> action = <_UIAlertControllerActionViewInterfaceAction>  title = Cancel,  customContentView = <_UIAlertControllerActionView; frame = (0 0; 135 44); Action = <UIAlertAction Title = "Cancel" Descriptive = "(null)" Image =>>
   |    |    |    |    |    |    |    | <_UIAlertControllerActionView; frame = (0 0; 135 44); Action = <UIAlertAction Title = "Cancel" Descriptive = "(null)" Image =>>
   |    |    |    |    |    |    |    |    | <UIView; frame = (40 0; 55 44); userInteractionEnabled = NO; layer = <CALayer>>
   |    |    |    |    |    |    |    |    |    | <UILabel; frame = (0 12; 55 20.5); text = 'Cancel'; userInteractionEnabled = NO; tintColor = UIExtendedSRGBColorSpace 0 0.478431 1 1; layer = <_UILabelLayer>>
   |    |    |    |    |    |    | <_UIInterfaceActionItemSeparatorView_iOS; frame = (135 0; 0.5 44); layer = <CALayer>>
   |    |    |    |    |    |    |    | <UIView; frame = (0 0; 0.5 44); layer = <CALayer>>
   |    |    |    |    |    |    |    | <UIView; frame = (0 0; 0.5 44); layer = <CALayer>>
   |    |    |    |    | <UIImageView; frame = (264.5 90; 2.5 7); alpha = 0; opaque = NO; autoresize = LM; userInteractionEnabled = NO; layer = <CALayer>>
   |    |    |    |    | <UIImageView; frame = (90 38.5; 7 2.5); alpha = 0; opaque = NO; autoresize = TM; userInteractionEnabled = NO; layer = <CALayer>>