<UITableView; frame = (0 0; 320 568); clipsToBounds = YES; autoresize = W+H; gestureRecognizers = <NSArray>; layer = <CALayer>; contentOffset: {0, -20}; contentSize: {320, 134}; adjustedContentInset: {20, 0, 0, 0}>
   | <UITableViewCell; frame = (0 45; 320 44); text = 'test2'; clipsToBounds = YES; alpha = 0; autoresize = W; animations = { position=<CABasicAnimation>; position-2=<CABasicAnimation>; opacity=<CABasicAnimation>; }; layer = <CALayer>>
   |    | <UITableViewCellContentView; frame = (0 0; 320 43.5); opaque = NO; gestureRecognizers = <NSArray>; layer = <CALayer>>
   |    |    | <UITableViewLabel; frame = (15 0; 290 43.5); text = 'test2'; userInteractionEnabled = NO; layer = <_UILabelLayer>>
   |    | <_UITableViewCellSeparatorView; frame = (15 43.5; 360 0.5); layer = <CALayer>>
   |    | <_UITableViewCellSeparatorView; frame = (0 43.5; 320 0.5); alpha = 0; layer = <CALayer>>
   | <UITableViewCell; frame = (0 45; 320 44); text = 'test3'; clipsToBounds = YES; autoresize = W; layer = <CALayer>>
   |    | <UITableViewCellContentView; frame = (0 0; 320 43.5); opaque = NO; gestureRecognizers = <NSArray>; layer = <CALayer>>
   |    |    | <UITableViewLabel; frame = (15 0; 290 43.5); text = 'test3'; userInteractionEnabled = NO; layer = <_UILabelLayer>>
   |    | <_UITableViewCellSeparatorView; frame = (15 43.5; 360 0.5); layer = <CALayer>>
   |    | <_UITableViewCellSeparatorView; frame = (15 43.5; 305 0.5); layer = <CALayer>>
   |    | <UIView; frame = (0 -1; 320 1); animations = { position=<CABasicAnimation>; }; layer = <CALayer>>
   | <UITableViewCell; frame = (0 90; 320 44); text = 'test3'; clipsToBounds = YES; autoresize = W; animations = { opacity=<CABasicAnimation>; position=<CABasicAnimation>; position-2=<CABasicAnimation>; }; layer = <CALayer>>
   |    | <UITableViewCellContentView; frame = (0 0; 320 43.5); opaque = NO; gestureRecognizers = <NSArray>; layer = <CALayer>>
   |    |    | <UITableViewLabel; frame = (16 0; 288 43.5); text = 'test3'; userInteractionEnabled = NO; layer = <_UILabelLayer>>
   |    | <_UITableViewCellSeparatorView; frame = (15 43.5; 360 0.5); layer = <CALayer>>
   |    | <_UITableViewCellSeparatorView; frame = (16 43.5; 304 0.5); layer = <CALayer>>
   | <UIView; frame = (0 134; 320 0); layer = <CALayer>>
   | <UITableViewHeaderFooterView; frame = (0 45; 320 45); text = 'Done'; autoresize = W; animations = { position=<CABasicAnimation>; position-2=<CABasicAnimation>; position-3=<CABasicAnimation>; position-4=<CABasicAnimation>; }; layer = <CALayer>>
   |    | <_UITableViewHeaderFooterViewBackground; frame = (0 0; 320 45); autoresize = W+H; layer = <CALayer>>
   |    | <_UITableViewHeaderFooterContentView; frame = (0 0; 320 45); layer = <CALayer>>
   |    |    | <_UITableViewHeaderFooterViewLabel; frame = (16 12; 42 21); text = 'Done'; opaque = NO; userInteractionEnabled = NO; layer = <_UILabelLayer>>
   | <UIImageView; frame = (3 542.5; 314 2.5); alpha = 0; opaque = NO; autoresize = TM; userInteractionEnabled = NO; layer = <CALayer>>
   | <UITableViewHeaderFooterView; frame = (0 0; 320 45); text = 'To-do'; autoresize = W; layer = <CALayer>>
   |    | <_UITableViewHeaderFooterViewBackground; frame = (0 0; 320 45); autoresize = W+H; layer = <CALayer>>
   |    | <_UITableViewHeaderFooterContentView; frame = (0 0; 320 45); layer = <CALayer>>
   |    |    | <_UITableViewHeaderFooterViewLabel; frame = (16 12; 48 21); text = 'To-do'; opaque = NO; userInteractionEnabled = NO; layer = <_UILabelLayer>>
   | <UIImageView; frame = (314.5 417; 2.5 128); alpha = 0; opaque = NO; autoresize = LM; userInteractionEnabled = NO; layer = <CALayer>>